1
2
Fizz
4
Buzz
Fizz
7
8
Fizz
Buzz
11
Fizz
13
14
FizzBuzz
16
17
Fizz
19
Buzz
Fizz
22
23
Fizz
Buzz
26
Fizz
28
29
FizzBuzz
31
32
Fizz
34
Buzz
Fizz
37
38
Fizz
Buzz
41
Fizz
43
44
FizzBuzz
46
47
Fizz
49
Buzz
Fizz
52
53
Fizz
Buzz
56
Fizz
58
59
FizzBuzz
61
62
Fizz
64
Buzz
Fizz
67
68
Fizz
Buzz
71
Fizz
73
74
FizzBuzz
76
77
Fizz
79
Buzz
Fizz
82
83
Fizz
Buzz
86
Fizz
88
89
FizzBuzz
91
92
Fizz
94
Buzz
Fizz
97
98
Fizz
Buzz
[0.036s][info][gc,heap,exit] Heap
[0.036s][info][gc,heap,exit]  garbage-first heap   total 8192K, used 0K [0x00000007bc000000, 0x00000007c0000000)
[0.036s][info][gc,heap,exit]   region size 1024K, 1 young (1024K), 0 survivors (0K)
[0.036s][info][gc,heap,exit]  Metaspace       used 4482K, capacity 4526K, committed 4864K, reserved 1056768K
[0.036s][info][gc,heap,exit]   class space    used 393K, capacity 426K, committed 512K, reserved 1048576K
